This is pdfTeX, Version 3.141592653-2.6-1.40.26 (TeX Live 2024) (preloaded format=pdflatex 2024.12.12)  8 AUG 2026 01:36
entering extended mode
 restricted \write18 enabled.
 %&-line parsing enabled.
**paper.tex
(./paper.tex
LaTeX2e <2023-11-01> patch level 1
L3 programming layer <2024-02-20>
{d:/LenovoSoftstore/install/texlive/2024/texmf-var/fonts/map/pdftex/updmap/pdft
ex.map}{t1-times.map}{t1-formata.map}{t1-giovannistd.map} (./ieeeaccess.cls
(./IEEEtran.cls
Document Class: IEEEtran 2015/08/26 V1.8b by Michael Shell
-- See the "IEEEtran_HOWTO" manual for usage information.
-- http://www.michaelshell.org/tex/ieeetran/
\@IEEEtrantmpdimenA=\dimen140
\@IEEEtrantmpdimenB=\dimen141
\@IEEEtrantmpdimenC=\dimen142
\@IEEEtrantmpcountA=\count188
\@IEEEtrantmpcountB=\count189
\@IEEEtrantmpcountC=\count190
\@IEEEtrantmptoksA=\toks17
LaTeX Font Info:    Trying to load font information for OT1+ptm on input line 5
03.
(d:/LenovoSoftstore/install/texlive/2024/texmf-dist/tex/latex/psnfss/ot1ptm.fd
File: ot1ptm.fd 2001/06/04 font definitions for OT1/ptm.
)
-- Using 8.5in x 11in (letter) paper.
-- Using PDF output.
\@IEEEnormalsizeunitybaselineskip=\dimen143
-- This is a 10 point document.
\CLASSINFOnormalsizebaselineskip=\dimen144
\CLASSINFOnormalsizeunitybaselineskip=\dimen145
\IEEEnormaljot=\dimen146
LaTeX Font Info:    Font shape `OT1/ptm/bx/n' in size <5> not available
(Font)              Font shape `OT1/ptm/b/n' tried instead on input line 1090.
LaTeX Font Info:    Font shape `OT1/ptm/bx/it' in size <5> not available
(Font)              Font shape `OT1/ptm/b/it' tried instead on input line 1090.

LaTeX Font Info:    Font shape `OT1/ptm/bx/n' in size <7> not available
(Font)              Font shape `OT1/ptm/b/n' tried instead on input line 1090.
LaTeX Font Info:    Font shape `OT1/ptm/bx/it' in size <7> not available
(Font)              Font shape `OT1/ptm/b/it' tried instead on input line 1090.

LaTeX Font Info:    Font shape `OT1/ptm/bx/n' in size <8> not available
(Font)              Font shape `OT1/ptm/b/n' tried instead on input line 1090.
LaTeX Font Info:    Font shape `OT1/ptm/bx/it' in size <8> not available
(Font)              Font shape `OT1/ptm/b/it' tried instead on input line 1090.

LaTeX Font Info:    Font shape `OT1/ptm/bx/n' in size <9> not available
(Font)              Font shape `OT1/ptm/b/n' tried instead on input line 1090.
LaTeX Font Info:    Font shape `OT1/ptm/bx/it' in size <9> not available
(Font)              Font shape `OT1/ptm/b/it' tried instead on input line 1090.

LaTeX Font Info:    Font shape `OT1/ptm/bx/n' in size <10> not available
(Font)              Font shape `OT1/ptm/b/n' tried instead on input line 1090.
LaTeX Font Info:    Font shape `OT1/ptm/bx/it' in size <10> not available
(Font)              Font shape `OT1/ptm/b/it' tried instead on input line 1090.

LaTeX Font Info:    Font shape `OT1/ptm/bx/n' in size <11> not available
(Font)              Font shape `OT1/ptm/b/n' tried instead on input line 1090.
LaTeX Font Info:    Font shape `OT1/ptm/bx/it' in size <11> not available
(Font)              Font shape `OT1/ptm/b/it' tried instead on input line 1090.

LaTeX Font Info:    Font shape `OT1/ptm/bx/n' in size <12> not available
(Font)              Font shape `OT1/ptm/b/n' tried instead on input line 1090.
LaTeX Font Info:    Font shape `OT1/ptm/bx/it' in size <12> not available
(Font)              Font shape `OT1/ptm/b/it' tried instead on input line 1090.

LaTeX Font Info:    Font shape `OT1/ptm/bx/n' in size <17> not available
(Font)              Font shape `OT1/ptm/b/n' tried instead on input line 1090.
LaTeX Font Info:    Font shape `OT1/ptm/bx/it' in size <17> not available
(Font)              Font shape `OT1/ptm/b/it' tried instead on input line 1090.

LaTeX Font Info:    Font shape `OT1/ptm/bx/n' in size <20> not available
(Font)              Font shape `OT1/ptm/b/n' tried instead on input line 1090.
LaTeX Font Info:    Font shape `OT1/ptm/bx/it' in size <20> not available
(Font)              Font shape `OT1/ptm/b/it' tried instead on input line 1090.

LaTeX Font Info:    Font shape `OT1/ptm/bx/n' in size <24> not available
(Font)              Font shape `OT1/ptm/b/n' tried instead on input line 1090.
LaTeX Font Info:    Font shape `OT1/ptm/bx/it' in size <24> not available
(Font)              Font shape `OT1/ptm/b/it' tried instead on input line 1090.

\IEEEquantizedlength=\dimen147
\IEEEquantizedlengthdiff=\dimen148
\IEEEquantizedtextheightdiff=\dimen149
\IEEEilabelindentA=\dimen150
\IEEEilabelindentB=\dimen151
\IEEEilabelindent=\dimen152
\IEEEelabelindent=\dimen153
\IEEEdlabelindent=\dimen154
\IEEElabelindent=\dimen155
\IEEEiednormlabelsep=\dimen156
\IEEEiedmathlabelsep=\dimen157
\IEEEiedtopsep=\skip48
\c@section=\count191
\c@subsection=\count192
\c@subsubsection=\count193
\c@paragraph=\count194
\c@IEEEsubequation=\count195
\abovecaptionskip=\skip49
\belowcaptionskip=\skip50
\c@figure=\count196
\c@table=\count197
\@IEEEeqnnumcols=\count198
\@IEEEeqncolcnt=\count199
\@IEEEsubeqnnumrollback=\count266
\@IEEEquantizeheightA=\dimen158
\@IEEEquantizeheightB=\dimen159
\@IEEEquantizeheightC=\dimen160
\@IEEEquantizeprevdepth=\dimen161
\@IEEEquantizemultiple=\count267
\@IEEEquantizeboxA=\box51
\@IEEEtmpitemindent=\dimen162
\IEEEPARstartletwidth=\dimen163
\c@IEEEbiography=\count268
\@IEEEtranrubishbin=\box52
)
(d:/LenovoSoftstore/install/texlive/2024/texmf-dist/tex/generic/iftex/ifpdf.sty
Package: ifpdf 2019/10/25 v3.4 ifpdf legacy package. Use iftex instead.

(d:/LenovoSoftstore/install/texlive/2024/texmf-dist/tex/generic/iftex/iftex.sty
Package: iftex 2022/02/03 v1.0f TeX engine tests
))
(d:/LenovoSoftstore/install/texlive/2024/texmf-dist/tex/latex/xkeyval/xkeyval.s
ty
Package: xkeyval 2022/06/16 v2.9 package option processing (HA)

(d:/LenovoSoftstore/install/texlive/2024/texmf-dist/tex/generic/xkeyval/xkeyval
.tex
(d:/LenovoSoftstore/install/texlive/2024/texmf-dist/tex/generic/xkeyval/xkvutil
s.tex
\XKV@toks=\toks18
\XKV@tempa@toks=\toks19

(d:/LenovoSoftstore/install/texlive/2024/texmf-dist/tex/generic/xkeyval/keyval.
tex))
\XKV@depth=\count269
File: xkeyval.tex 2014/12/03 v2.7a key=value parser (HA)
)){t1-times.map

pdfTeX warning: pdflatex.exe (file t1-times.map): fontmap entry for `t1-times' 
already exists, duplicates ignored


pdfTeX warning: pdflatex.exe (file t1-times.map): fontmap entry for `t1-times-i
talic' already exists, duplicates ignored


pdfTeX warning: pdflatex.exe (file t1-times.map): fontmap entry for `t1-times-b
old' already exists, duplicates ignored


pdfTeX warning: pdflatex.exe (file t1-times.map): fontmap entry for `t1-times-b
olditalic' already exists, duplicates ignored
}{t1-formata.map

pdfTeX warning: pdflatex.exe (file t1-formata.map): fontmap entry for `t1-forma
ta-italic' already exists, duplicates ignored


pdfTeX warning: pdflatex.exe (file t1-formata.map): fontmap entry for `t1-forma
ta-medium' already exists, duplicates ignored


pdfTeX warning: pdflatex.exe (file t1-formata.map): fontmap entry for `t1-forma
ta-mediumitalic' already exists, duplicates ignored


pdfTeX warning: pdflatex.exe (file t1-formata.map): fontmap entry for `t1-forma
ta-light' already exists, duplicates ignored


pdfTeX warning: pdflatex.exe (file t1-formata.map): fontmap entry for `t1-forma
ta-lightitalic' already exists, duplicates ignored


pdfTeX warning: pdflatex.exe (file t1-formata.map): fontmap entry for `t1-forma
ta-bold' already exists, duplicates ignored


pdfTeX warning: pdflatex.exe (file t1-formata.map): fontmap entry for `t1-forma
ta-bolditalic' already exists, duplicates ignored


pdfTeX warning: pdflatex.exe (file t1-formata.map): fontmap entry for `t1-forma
ta-condmedium' already exists, duplicates ignored


pdfTeX warning: pdflatex.exe (file t1-formata.map): fontmap entry for `t1-forma
ta-condmediumital' already exists, duplicates ignored


pdfTeX warning: pdflatex.exe (file t1-formata.map): fontmap entry for `t1-forma
ta-regular' already exists, duplicates ignored


pdfTeX warning: pdflatex.exe (file t1-formata.map): fontmap entry for `t1-forma
ta-regsymb' already exists, duplicates ignored
}{t1-giovannistd.map

pdfTeX warning: pdflatex.exe (file t1-giovannistd.map): fontmap entry for `t1-g
iovannistd-bookitalic' already exists, duplicates ignored
}
\@draftversionrule=\dimen164

(d:/LenovoSoftstore/install/texlive/2024/texmf-dist/tex/latex/graphics/color.st
y
Package: color 2022/01/06 v1.3d Standard LaTeX Color (DPC)

(d:/LenovoSoftstore/install/texlive/2024/texmf-dist/tex/latex/graphics-cfg/colo
r.cfg
File: color.cfg 2016/01/02 v1.6 sample color configuration
)
Package color Info: Driver file: pdftex.def on input line 149.

(d:/LenovoSoftstore/install/texlive/2024/texmf-dist/tex/latex/graphics-def/pdft
ex.def
File: pdftex.def 2022/09/22 v1.2b Graphics/color driver for pdftex
)
(d:/LenovoSoftstore/install/texlive/2024/texmf-dist/tex/latex/graphics/mathcolo
r.ltx)) (./spotcolor.sty
Package: spotcolor 2006/11/15 v1.2 Package for adding Spot Color support to pdf
LaTeX.

(d:/LenovoSoftstore/install/texlive/2024/texmf-dist/tex/latex/graphics/graphics
.sty
Package: graphics 2022/03/10 v1.4e Standard LaTeX Graphics (DPC,SPQR)

(d:/LenovoSoftstore/install/texlive/2024/texmf-dist/tex/latex/graphics/trig.sty
Package: trig 2021/08/11 v1.11 sin cos tan (DPC)
)
(d:/LenovoSoftstore/install/texlive/2024/texmf-dist/tex/latex/graphics-cfg/grap
hics.cfg
File: graphics.cfg 2016/06/04 v1.11 sample graphics configuration
)
Package graphics Info: Driver file: pdftex.def on input line 107.
)
\thecolorprofile=\count270
\thecolor=\count271
)
\PANTONE=\toks20
Package color Info: Redefining color black on input line 287.
\figbox=\box53
\titlewidth=\skip51
\abstractwidth=\skip52
\c@addrCtr=\count272
\abstractbox=\box54
\indexbox=\box55
\absht=\dimen165
\kwdht=\dimen166
\@tempcntc=\count273
\titlepgskip=\skip53
\maketitlebox=\box56
)
(d:/LenovoSoftstore/install/texlive/2024/texmf-dist/tex/latex/cite/cite.sty
LaTeX Info: Redefining \cite on input line 302.
LaTeX Info: Redefining \nocite on input line 332.
Package: cite 2015/02/27  v 5.5
)
(d:/LenovoSoftstore/install/texlive/2024/texmf-dist/tex/latex/amsmath/amsmath.s
ty
Package: amsmath 2023/05/13 v2.17o AMS math features
\@mathmargin=\skip54

For additional information on amsmath, use the `?' option.

(d:/LenovoSoftstore/install/texlive/2024/texmf-dist/tex/latex/amsmath/amstext.s
ty
Package: amstext 2021/08/26 v2.01 AMS text

(d:/LenovoSoftstore/install/texlive/2024/texmf-dist/tex/latex/amsmath/amsgen.st
y
File: amsgen.sty 1999/11/30 v2.0 generic functions
\@emptytoks=\toks21
\ex@=\dimen167
))
(d:/LenovoSoftstore/install/texlive/2024/texmf-dist/tex/latex/amsmath/amsbsy.st
y
Package: amsbsy 1999/11/29 v1.2d Bold Symbols
\pmbraise@=\dimen168
)
(d:/LenovoSoftstore/install/texlive/2024/texmf-dist/tex/latex/amsmath/amsopn.st
y
Package: amsopn 2022/04/08 v2.04 operator names
)
\inf@bad=\count274
LaTeX Info: Redefining \frac on input line 234.
\uproot@=\count275
\leftroot@=\count276
LaTeX Info: Redefining \overline on input line 399.
LaTeX Info: Redefining \colon on input line 410.
\classnum@=\count277
\DOTSCASE@=\count278
LaTeX Info: Redefining \ldots on input line 496.
LaTeX Info: Redefining \dots on input line 499.
LaTeX Info: Redefining \cdots on input line 620.
\Mathstrutbox@=\box57
\strutbox@=\box58
LaTeX Info: Redefining \big on input line 722.
LaTeX Info: Redefining \Big on input line 723.
LaTeX Info: Redefining \bigg on input line 724.
LaTeX Info: Redefining \Bigg on input line 725.
\big@size=\dimen169
LaTeX Font Info:    Redeclaring font encoding OML on input line 743.
LaTeX Font Info:    Redeclaring font encoding OMS on input line 744.
\macc@depth=\count279
LaTeX Info: Redefining \bmod on input line 905.
LaTeX Info: Redefining \pmod on input line 910.
LaTeX Info: Redefining \smash on input line 940.
LaTeX Info: Redefining \relbar on input line 970.
LaTeX Info: Redefining \Relbar on input line 971.
\c@MaxMatrixCols=\count280
\dotsspace@=\muskip16
\c@parentequation=\count281
\dspbrk@lvl=\count282
\tag@help=\toks22
\row@=\count283
\column@=\count284
\maxfields@=\count285
\andhelp@=\toks23
\eqnshift@=\dimen170
\alignsep@=\dimen171
\tagshift@=\dimen172
\tagwidth@=\dimen173
\totwidth@=\dimen174
\lineht@=\dimen175
\@envbody=\toks24
\multlinegap=\skip55
\multlinetaggap=\skip56
\mathdisplay@stack=\toks25
LaTeX Info: Redefining \[ on input line 2953.
LaTeX Info: Redefining \] on input line 2954.
)
(d:/LenovoSoftstore/install/texlive/2024/texmf-dist/tex/latex/amsfonts/amssymb.
sty
Package: amssymb 2013/01/14 v3.01 AMS font symbols

(d:/LenovoSoftstore/install/texlive/2024/texmf-dist/tex/latex/amsfonts/amsfonts
.sty
Package: amsfonts 2013/01/14 v3.01 Basic AMSFonts support
\symAMSa=\mathgroup4
\symAMSb=\mathgroup5
LaTeX Font Info:    Redeclaring math symbol \hbar on input line 98.
LaTeX Font Info:    Overwriting math alphabet `\mathfrak' in version `bold'
(Font)                  U/euf/m/n --> U/euf/b/n on input line 106.
))
(d:/LenovoSoftstore/install/texlive/2024/texmf-dist/tex/latex/graphics/graphicx
.sty
Package: graphicx 2021/09/16 v1.2d Enhanced LaTeX Graphics (DPC,SPQR)
\Gin@req@height=\dimen176
\Gin@req@width=\dimen177
)
(d:/LenovoSoftstore/install/texlive/2024/texmf-dist/tex/latex/base/textcomp.sty
Package: textcomp 2020/02/02 v2.0n Standard LaTeX package
) (d:/LenovoSoftstore/install/texlive/2024/texmf-dist/tex/latex/tools/bm.sty
Package: bm 2023/07/08 v1.2f Bold Symbol Support (DPC/FMi)
\symboldoperators=\mathgroup6
\symboldletters=\mathgroup7
\symboldsymbols=\mathgroup8
Package bm Info: No bold for \OMX/cmex/m/n, using \pmb.
Package bm Info: No bold for \U/msa/m/n, using \pmb.
Package bm Info: No bold for \U/msb/m/n, using \pmb.
LaTeX Font Info:    Redeclaring math alphabet \mathbf on input line 149.
)
(d:/LenovoSoftstore/install/texlive/2024/texmf-dist/tex/latex/tools/array.sty
Package: array 2023/10/16 v2.5g Tabular extension package (FMi)
\col@sep=\dimen178
\ar@mcellbox=\box59
\extrarowheight=\dimen179
\NC@list=\toks26
\extratabsurround=\skip57
\backup@length=\skip58
\ar@cellbox=\box60
)
(d:/LenovoSoftstore/install/texlive/2024/texmf-dist/tex/latex/booktabs/booktabs
.sty
Package: booktabs 2020/01/12 v1.61803398 Publication quality tables
\heavyrulewidth=\dimen180
\lightrulewidth=\dimen181
\cmidrulewidth=\dimen182
\belowrulesep=\dimen183
\belowbottomsep=\dimen184
\aboverulesep=\dimen185
\abovetopsep=\dimen186
\cmidrulesep=\dimen187
\cmidrulekern=\dimen188
\defaultaddspace=\dimen189
\@cmidla=\count286
\@cmidlb=\count287
\@aboverulesep=\dimen190
\@belowrulesep=\dimen191
\@thisruleclass=\count288
\@lastruleclass=\count289
\@thisrulewidth=\dimen192
)
(d:/LenovoSoftstore/install/texlive/2024/texmf-dist/tex/latex/dblfloatfix/dblfl
oatfix.sty
Package: dblfloatfix 2012/12/31 v1.0a (JAW)

(d:/LenovoSoftstore/install/texlive/2024/texmf-dist/tex/latex/base/fixltx2e.sty
Package: fixltx2e 2016/12/29 v2.1a fixes to LaTeX (obsolete)
Applying: [2015/01/01] Old fixltx2e package on input line 46.

Package fixltx2e Warning: fixltx2e is not required with releases after 2015
(fixltx2e)                All fixes are now in the LaTeX kernel.
(fixltx2e)                See the latexrelease package for details.

Already applied: [0000/00/00] Old fixltx2e package on input line 53.
)
\@dblbotnum=\count290
\c@dblbotnumber=\count291
)
(d:/LenovoSoftstore/install/texlive/2024/texmf-dist/tex/latex/placeins/placeins
.sty
Package: placeins 2005/04/18  v 2.2
)
(d:/LenovoSoftstore/install/texlive/2024/texmf-dist/tex/latex/algorithms/algori
thm.sty
Package: algorithm 2009/08/24 v0.1 Document Style `algorithm' - floating enviro
nment

(d:/LenovoSoftstore/install/texlive/2024/texmf-dist/tex/latex/float/float.sty
Package: float 2001/11/08 v1.3d Float enhancements (AL)
\c@float@type=\count292
\float@exts=\toks27
\float@box=\box61
\@float@everytoks=\toks28
\@floatcapt=\box62
)
(d:/LenovoSoftstore/install/texlive/2024/texmf-dist/tex/latex/base/ifthen.sty
Package: ifthen 2022/04/13 v1.1d Standard LaTeX ifthen package (DPC)
)
\@float@every@algorithm=\toks29
\c@algorithm=\count293
)
(d:/LenovoSoftstore/install/texlive/2024/texmf-dist/tex/latex/algorithmicx/algp
seudocode.sty
Package: algpseudocode 

(d:/LenovoSoftstore/install/texlive/2024/texmf-dist/tex/latex/algorithmicx/algo
rithmicx.sty
Package: algorithmicx 2005/04/27 v1.2 Algorithmicx

Document Style algorithmicx 1.2 - a greatly improved `algorithmic' style
\c@ALG@line=\count294
\c@ALG@rem=\count295
\c@ALG@nested=\count296
\ALG@tlm=\skip59
\ALG@thistlm=\skip60
\c@ALG@Lnr=\count297
\c@ALG@blocknr=\count298
\c@ALG@storecount=\count299
\c@ALG@tmpcounter=\count300
\ALG@tmplength=\skip61
)
Document Style - pseudocode environments for use with the `algorithmicx' style
)
(d:/LenovoSoftstore/install/texlive/2024/texmf-dist/tex/latex/l3backend/l3backe
nd-pdftex.def
File: l3backend-pdftex.def 2024-02-20 L3 backend support: PDF output (pdfTeX)
\l__color_backend_stack_int=\count301
\l__pdf_internal_box=\box63
) (./paper.aux)
\openout1 = `paper.aux'.

LaTeX Font Info:    Checking defaults for OML/cmm/m/it on input line 47.
LaTeX Font Info:    ... okay on input line 47.
LaTeX Font Info:    Checking defaults for OMS/cmsy/m/n on input line 47.
LaTeX Font Info:    ... okay on input line 47.
LaTeX Font Info:    Checking defaults for OT1/cmr/m/n on input line 47.
LaTeX Font Info:    ... okay on input line 47.
LaTeX Font Info:    Checking defaults for T1/cmr/m/n on input line 47.
LaTeX Font Info:    ... okay on input line 47.
LaTeX Font Info:    Checking defaults for TS1/cmr/m/n on input line 47.
LaTeX Font Info:    ... okay on input line 47.
LaTeX Font Info:    Checking defaults for OMX/cmex/m/n on input line 47.
LaTeX Font Info:    ... okay on input line 47.
LaTeX Font Info:    Checking defaults for U/cmr/m/n on input line 47.
LaTeX Font Info:    ... okay on input line 47.

-- Lines per column: 56 (exact).
\symNewLetters=\mathgroup9
\symxsymbols=\mathgroup10
LaTeX Font Info:    Redeclaring math symbol \ddagger on input line 47.
LaTeX Font Info:    Redeclaring math symbol \dagger on input line 47.
\c@mv@regular=\count302
LaTeX Font Info:    Encoding `OT1' has changed to `T1' for symbol font
(Font)              `operators' in the math version `regular' on input line 47.

LaTeX Font Info:    Overwriting symbol font `operators' in version `regular'
(Font)                  OT1/cmr/m/n --> T1/formata/n/n on input line 47.
LaTeX Font Info:    Overwriting symbol font `NewLetters' in version `regular'
(Font)                  T1/times/n/it --> T1/formata/n/it on input line 47.
LaTeX Font Info:    Overwriting math alphabet `\mathrm' in version `regular'
(Font)                  T1/formata/n/n --> T1/formata/n/n on input line 47.
LaTeX Font Info:    Overwriting math alphabet `\mathit' in version `regular'
(Font)                  OT1/cmr/m/it --> T1/formata/n/it on input line 47.
LaTeX Font Info:    Overwriting math alphabet `\mathbf' in version `regular'
(Font)                  OT1/cmr/bx/n --> T1/formata/m/n on input line 47.
LaTeX Font Info:    Overwriting math alphabet `\mathtt' in version `regular'
(Font)                  OT1/cmtt/m/n --> OT1/pcr/m/n on input line 47.
\c@mv@medium=\count303
LaTeX Font Info:    Encoding `OT1' has changed to `T1' for symbol font
(Font)              `operators' in the math version `medium' on input line 47.
LaTeX Font Info:    Overwriting symbol font `operators' in version `medium'
(Font)                  OT1/cmr/m/n --> T1/formata/m/n on input line 47.
LaTeX Font Info:    Overwriting symbol font `NewLetters' in version `medium'
(Font)                  T1/times/n/it --> T1/formata/m/it on input line 47.
LaTeX Font Info:    Overwriting math alphabet `\mathrm' in version `medium'
(Font)                  > T1/formata/m/n on input line 47.
LaTeX Font Info:    Overwriting math alphabet `\mathit' in version `medium'
(Font)                  OT1/cmr/m/it --> T1/formata/m/it on input line 47.
LaTeX Font Info:    Overwriting math alphabet `\mathbf' in version `medium'
(Font)                  > T1/formata/b/n on input line 47.
LaTeX Font Info:    Overwriting math alphabet `\mathtt' in version `medium'
(Font)                  OT1/cmtt/m/n --> OT1/pcr/b/n on input line 47.
\c@mv@black=\count304
LaTeX Font Info:    Encoding `OT1' has changed to `T1' for symbol font
(Font)              `operators' in the math version `black' on input line 47.
LaTeX Font Info:    Overwriting symbol font `operators' in version `black'
(Font)                  OT1/cmr/m/n --> T1/formata/b/n on input line 47.
LaTeX Font Info:    Overwriting symbol font `NewLetters' in version `black'
(Font)                  T1/times/n/it --> T1/formata/b/it on input line 47.
LaTeX Font Info:    Overwriting math alphabet `\mathrm' in version `black'
(Font)                  > T1/formata/b/n on input line 47.
LaTeX Font Info:    Overwriting math alphabet `\mathit' in version `black'
(Font)                  OT1/cmr/m/it --> T1/formata/b/it on input line 47.
LaTeX Font Info:    Overwriting math alphabet `\mathbf' in version `black'
(Font)                  > T1/formata/b/n on input line 47.
LaTeX Font Info:    Overwriting math alphabet `\mathtt' in version `black'
(Font)                  OT1/cmtt/m/n --> OT1/pcr/b/n on input line 47.
LaTeX Font Info:    Trying to load font information for T1+ptm on input line 47
.
(d:/LenovoSoftstore/install/texlive/2024/texmf-dist/tex/latex/psnfss/t1ptm.fd
File: t1ptm.fd 2001/06/04 font definitions for T1/ptm.
)
LaTeX Font Info:    Trying to load font information for T1+times on input line 
47.

(./t1times.fd)
(d:/LenovoSoftstore/install/texlive/2024/texmf-dist/tex/context/base/mkii/supp-
pdf.mkii
[Loading MPS to PDF converter (version 2006.09.02).]
\scratchcounter=\count305
\scratchdimen=\dimen193
\scratchbox=\box64
\nofMPsegments=\count306
\nofMParguments=\count307
\everyMPshowfont=\toks30
\MPscratchCnt=\count308
\MPscratchDim=\dimen194
\MPnumerator=\count309
\makeMPintoPDFobject=\count310
\everyMPtoPDFconversion=\toks31
)
(d:/LenovoSoftstore/install/texlive/2024/texmf-dist/tex/latex/epstopdf-pkg/epst
opdf-base.sty
Package: epstopdf-base 2020-01-24 v2.11 Base part for package epstopdf
Package epstopdf-base Info: Redefining graphics rule for `.eps' on input line 4
85.

(d:/LenovoSoftstore/install/texlive/2024/texmf-dist/tex/latex/latexconfig/epsto
pdf-sys.cfg
File: epstopdf-sys.cfg 2010/07/13 v1.3 Configuration of (r)epstopdf for TeX Liv
e
))
LaTeX Font Info:    Redeclaring math version `bold' on input line 47.
LaTeX Font Info:    Encoding `OT1' has changed to `T1' for symbol font
(Font)              `operators' in the math version `bold' on input line 47.
LaTeX Font Info:    Overwriting symbol font `operators' in version `bold'
(Font)                  OT1/cmr/m/n --> T1/times/b/n on input line 47.
LaTeX Font Info:    Overwriting symbol font `NewLetters' in version `bold'
(Font)                  T1/times/n/it --> T1/times/b/it on input line 47.
LaTeX Font Info:    Overwriting math alphabet `\mathrm' in version `bold'
(Font)                  > T1/times/b/n on input line 47.
LaTeX Font Info:    Overwriting math alphabet `\mathit' in version `bold'
(Font)                  OT1/cmr/m/it --> T1/times/b/it on input line 47.
LaTeX Font Info:    Overwriting math alphabet `\mathbf' in version `bold'
(Font)                  > T1/times/b/n on input line 47.
LaTeX Font Info:    Overwriting math alphabet `\mathtt' in version `bold'
(Font)                  OT1/cmtt/m/n --> OT1/pcr/b/n on input line 47.
LaTeX Font Info:    Overwriting symbol font `symbols' in version `bold'
(Font)                  OMS/cmsy/m/n --> OMS/cmsy/b/n on input line 47.
<bullet.png, id=3, 12.045pt x 35.38219pt>
File: bullet.png Graphic file (type png)
<use bullet.png>
Package pdftex.def Info: bullet.png  used on input line 68.
(pdftex.def)             Requested size: 5.0pt x 14.6871pt.
File: bullet.png Graphic file (type png)
<use bullet.png>
Package pdftex.def Info: bullet.png  used on input line 73.
(pdftex.def)             Requested size: 5.0pt x 14.6871pt.
LaTeX Font Info:    Trying to load font information for U+msa on input line 80.


(d:/LenovoSoftstore/install/texlive/2024/texmf-dist/tex/latex/amsfonts/umsa.fd
File: umsa.fd 2013/01/14 v3.01 AMS symbols A
)
LaTeX Font Info:    Trying to load font information for U+msb on input line 80.

(d:/LenovoSoftstore/install/texlive/2024/texmf-dist/tex/latex/amsfonts/umsb.fd
File: umsb.fd 2013/01/14 v3.01 AMS symbols B
)
LaTeX Font Info:    Calculating math sizes for size <9.9> on input line 80.
LaTeX Font Info:    Calculating math sizes for size <6.6> on input line 80.

Overfull \hbox (9.2679pt too wide) in paragraph at lines 80--80
[]  
 []


Overfull \hbox (9.2679pt too wide) in paragraph at lines 80--80
[]  
 []


Underfull \vbox (badness 10000) has occurred while \output is active []


Underfull \vbox (badness 10000) has occurred while \output is active []

<logo.png, id=4, 206.27063pt x 53.44969pt>
File: logo.png Graphic file (type png)
<use logo.png>
Package pdftex.def Info: logo.png  used on input line 87.
(pdftex.def)             Requested size: 91.32pt x 23.66309pt.

Overfull \hbox (505.12177pt too wide) has occurred while \output is active
[]
 []


Overfull \hbox (505.12177pt too wide) has occurred while \output is active
[]
 []


Overfull \hbox (505.12177pt too wide) has occurred while \output is active
[]
 []


Underfull \hbox (badness 10000) has occurred while \output is active
[]
 []

[1


 <./logo.png> <./bullet.png>]
Underfull \hbox (badness 1622) in paragraph at lines 96--108
\T1/times/n/n/10 informed 22-dimensional pro-pri-o-cep-tive fea-ture set
 []

<notaglinelogo.png, id=17, 169.38281pt x 42.91031pt>
File: notaglinelogo.png Graphic file (type png)
<use notaglinelogo.png>
Package pdftex.def Info: notaglinelogo.png  used on input line 138.
(pdftex.def)             Requested size: 91.32pt x 23.1352pt.

LaTeX Font Warning: Font shape `T1/formata/m/sl' undefined
(Font)              using `T1/formata/m/it' instead on input line 138.


Overfull \hbox (505.12177pt too wide) has occurred while \output is active
[]
 []


Overfull \hbox (505.12177pt too wide) has occurred while \output is active
[]
 []


Underfull \hbox (badness 10000) has occurred while \output is active
[]
 []

[2 <./notaglinelogo.png>]
<figures/Fig01_AGV_Configuration.pdf, id=22, 252.945pt x 242.9075pt>
File: figures/Fig01_AGV_Configuration.pdf Graphic file (type pdf)
<use figures/Fig01_AGV_Configuration.pdf>
Package pdftex.def Info: figures/Fig01_AGV_Configuration.pdf  used on input lin
e 148.
(pdftex.def)             Requested size: 242.67355pt x 233.04768pt.


LaTeX Font Warning: Font shape `T1/formata/m/sl' undefined
(Font)              using `T1/formata/m/it' instead on input line 207.

File: notaglinelogo.png Graphic file (type png)
<use notaglinelogo.png>
Package pdftex.def Info: notaglinelogo.png  used on input line 207.
(pdftex.def)             Requested size: 91.32pt x 23.1352pt.

Overfull \hbox (505.12177pt too wide) has occurred while \output is active
[]
 []


Overfull \hbox (505.12177pt too wide) has occurred while \output is active
[]
 []


Underfull \hbox (badness 10000) has occurred while \output is active
[]
 []

[3 <./figures/Fig01_AGV_Configuration.pdf>]
File: notaglinelogo.png Graphic file (type png)
<use notaglinelogo.png>
Package pdftex.def Info: notaglinelogo.png  used on input line 340.
(pdftex.def)             Requested size: 91.32pt x 23.1352pt.


LaTeX Font Warning: Font shape `T1/formata/m/sl' undefined
(Font)              using `T1/formata/m/it' instead on input line 340.


Overfull \hbox (505.12177pt too wide) has occurred while \output is active
[]
 []


Overfull \hbox (505.12177pt too wide) has occurred while \output is active
[]
 []


Underfull \hbox (badness 10000) has occurred while \output is active
[]
 []

[4]
Underfull \vbox (badness 1097) has occurred while \output is active []


Underfull \hbox (badness 1478) in paragraph at lines 392--400
\T1/times/n/n/10 ral es-ti-ma-tor, dynamics-informed fea-ture and multi-scale
 []

<figures/Fig02_Slope_Aware_Perception_Control_Framework.pdf, id=366, 505.89pt x
 318.18875pt>
File: figures/Fig02_Slope_Aware_Perception_Control_Framework.pdf Graphic file (
type pdf)
<use figures/Fig02_Slope_Aware_Perception_Control_Framework.pdf>
Package pdftex.def Info: figures/Fig02_Slope_Aware_Perception_Control_Framework
.pdf  used on input line 403.
(pdftex.def)             Requested size: 505.12177pt x 317.71214pt.

Underfull \hbox (badness 1810) in paragraph at lines 411--412
\T1/times/n/n/10 a lightweight Mod-ernTCN es-ti-ma-tor, through dynamics-
 []


Underfull \hbox (badness 4084) in paragraph at lines 415--416
\T1/times/n/n/10 To im-ple-ment the history-to-slope map-ping in [], a
 []


LaTeX Font Warning: Font shape `T1/formata/m/sl' undefined
(Font)              using `T1/formata/m/it' instead on input line 416.

File: notaglinelogo.png Graphic file (type png)
<use notaglinelogo.png>
Package pdftex.def Info: notaglinelogo.png  used on input line 416.
(pdftex.def)             Requested size: 91.32pt x 23.1352pt.

Overfull \hbox (505.12177pt too wide) has occurred while \output is active
[]
 []


Overfull \hbox (505.12177pt too wide) has occurred while \output is active
[]
 []


Underfull \hbox (badness 10000) has occurred while \output is active
[]
 []

[5]
File: notaglinelogo.png Graphic file (type png)
<use notaglinelogo.png>
Package pdftex.def Info: notaglinelogo.png  used on input line 460.
(pdftex.def)             Requested size: 91.32pt x 23.1352pt.


LaTeX Font Warning: Font shape `T1/formata/m/sl' undefined
(Font)              using `T1/formata/m/it' instead on input line 460.


Overfull \hbox (505.12177pt too wide) has occurred while \output is active
[]
 []


Overfull \hbox (505.12177pt too wide) has occurred while \output is active
[]
 []


Underfull \hbox (badness 10000) has occurred while \output is active
[]
 []

[6 <./figures/Fig02_Slope_Aware_Perception_Control_Framework.pdf>]
LaTeX Font Info:    Trying to load font information for T1+pcr on input line 56
3.

(d:/LenovoSoftstore/install/texlive/2024/texmf-dist/tex/latex/psnfss/t1pcr.fd
File: t1pcr.fd 2001/06/04 font definitions for T1/pcr.
)

LaTeX Font Warning: Font shape `T1/formata/m/sl' undefined
(Font)              using `T1/formata/m/it' instead on input line 581.

File: notaglinelogo.png Graphic file (type png)
<use notaglinelogo.png>
Package pdftex.def Info: notaglinelogo.png  used on input line 581.
(pdftex.def)             Requested size: 91.32pt x 23.1352pt.

Overfull \hbox (505.12177pt too wide) has occurred while \output is active
[]
 []


Overfull \hbox (505.12177pt too wide) has occurred while \output is active
[]
 []


Underfull \hbox (badness 10000) has occurred while \output is active
[]
 []

[7]
Underfull \vbox (badness 1675) has occurred while \output is active []


Underfull \hbox (badness 7722) in paragraph at lines 622--632
\T1/times/n/n/10 ModernTCN-Delta and the qual-i-fied ob-server pro-vide
 []


Underfull \hbox (badness 6775) in paragraph at lines 622--632
\T1/times/n/n/10 com-ple-men-tary in-for-ma-tion for road slope per-cep-tion.
 []


Underfull \hbox (badness 10000) in paragraph at lines 633--636
[]\T1/times/n/n/10 The ob-server prop-a-gates a pitch-related state and
 []

File: notaglinelogo.png Graphic file (type png)
<use notaglinelogo.png>
Package pdftex.def Info: notaglinelogo.png  used on input line 636.
(pdftex.def)             Requested size: 91.32pt x 23.1352pt.

LaTeX Font Warning: Font shape `T1/formata/m/sl' undefined
(Font)              using `T1/formata/m/it' instead on input line 636.


Overfull \hbox (505.12177pt too wide) has occurred while \output is active
[]
 []


Overfull \hbox (505.12177pt too wide) has occurred while \output is active
[]
 []


Underfull \hbox (badness 10000) has occurred while \output is active
[]
 []

[8{d:/LenovoSoftstore/install/texlive/2024/texmf-dist/fonts/enc/dvips/base/8r.e
nc}]
Underfull \hbox (badness 1603) in paragraph at lines 642--648
\T1/times/n/n/10 The ob-ser-va-tion co-vari-ance is mod-u-lated by nor-mal-ized

 []


Underfull \hbox (badness 3635) in paragraph at lines 754--755
[]\T1/times/b/n/10 if \T1/times/n/n/10 any readi-ness, help-ful-ness, slope, or
 innovation-
 []


LaTeX Font Warning: Font shape `T1/formata/m/sl' undefined
(Font)              using `T1/formata/m/it' instead on input line 782.

File: notaglinelogo.png Graphic file (type png)
<use notaglinelogo.png>
Package pdftex.def Info: notaglinelogo.png  used on input line 782.
(pdftex.def)             Requested size: 91.32pt x 23.1352pt.

Overfull \hbox (505.12177pt too wide) has occurred while \output is active
[]
 []


Overfull \hbox (505.12177pt too wide) has occurred while \output is active
[]
 []


Underfull \hbox (badness 10000) has occurred while \output is active
[]
 []

[9]
Overfull \hbox (2.91243pt too wide) detected at line 945
[][][] \OMS/cmsy/m/n/10 ^^T [][] ^^T [][]\OML/cmm/m/it/10 ;  \OT1/cmr/m/n/10 ^^
A[][] \OMS/cmsy/m/n/10 ^^T \OT1/cmr/m/n/10 ^^A[][] \OMS/cmsy/m/n/10 ^^T \OT1/cm
r/m/n/10 ^^A[][]\OML/cmm/m/it/10 :
 []

File: notaglinelogo.png Graphic file (type png)
<use notaglinelogo.png>
Package pdftex.def Info: notaglinelogo.png  used on input line 945.
(pdftex.def)             Requested size: 91.32pt x 23.1352pt.

LaTeX Font Warning: Font shape `T1/formata/m/sl' undefined
(Font)              using `T1/formata/m/it' instead on input line 945.


Overfull \hbox (505.12177pt too wide) has occurred while \output is active
[]
 []


Overfull \hbox (505.12177pt too wide) has occurred while \output is active
[]
 []


Underfull \hbox (badness 10000) has occurred while \output is active
[]
 []

[10]
Underfull \hbox (badness 1859) in paragraph at lines 955--956
[]\T1/times/n/n/10 The con-troller struc-ture, nom-i-nal val-ues, in-ter-po-la-
tion
 []


Underfull \hbox (badness 4660) in paragraph at lines 964--965
[]\T1/times/n/n/10 use the same $\OML/cmm/m/it/10 ^^R[]$ \T1/times/n/n/10 to fo
rm the schedul-ing vec-
 []


Underfull \hbox (badness 1365) in paragraph at lines 964--965
\T1/times/n/n/10 tor, measured-disturbance in-put, slope feed-for-ward,
 []


Underfull \hbox (badness 1924) in paragraph at lines 965--966
[]\T1/times/n/n/10 interpolate $\OT1/cmr/m/n/10 (\T1/times/n/it/10 A[]\OML/cmm/
m/it/10 ; \T1/times/n/it/10 B[]\OML/cmm/m/it/10 ; \T1/times/n/it/10 C[]\OML/cmm
/m/it/10 ; \T1/times/n/it/10 D[]\OML/cmm/m/it/10 ; \T1/times/n/it/10 E[]\OT1/cm
r/m/n/10 )$ \T1/times/n/n/10 and solve the con-
 []


Underfull \vbox (badness 10000) has occurred while \output is active []



LaTeX Font Warning: Font shape `T1/formata/m/sl' undefined
(Font)              using `T1/formata/m/it' instead on input line 984.

File: notaglinelogo.png Graphic file (type png)
<use notaglinelogo.png>
Package pdftex.def Info: notaglinelogo.png  used on input line 984.
(pdftex.def)             Requested size: 91.32pt x 23.1352pt.

Overfull \hbox (505.12177pt too wide) has occurred while \output is active
[]
 []


Overfull \hbox (505.12177pt too wide) has occurred while \output is active
[]
 []


Underfull \hbox (badness 10000) has occurred while \output is active
[]
 []

[11]
Underfull \hbox (badness 10000) in paragraph at lines 997--997
[]|\T1/times/m/n/7 Training tem-plates: []
 []


Underfull \hbox (badness 7649) in paragraph at lines 997--997
\T1/times/m/n/7 (sample-weighted mean, $\OT1/cmr/m/n/7 0\OML/cmm/m/it/7 :\OT1/c
mr/m/n/7 992$ \T1/times/m/n/7 m/s);
 []


Underfull \hbox (badness 2189) in paragraph at lines 1018--1019
[]\T1/times/n/n/10 run-disjoint paired 22D and ModernTCN-Delta
 []


Underfull \hbox (badness 1490) in paragraph at lines 1021--1022
[] \T1/times/n/n/10 Record one con-tin-u-ous run with causal 22D re-
 []


Underfull \hbox (badness 1661) in paragraph at lines 1042--1043
\T1/times/n/n/10 slope, P4 Mild slope-turn cou-pling, P5 Flat fac-tory lo-
 []

<figures/Fig03_Six_Route_Closed_Loop_Benchmark.pdf, id=1741, 520.94624pt x 330.
23375pt>
File: figures/Fig03_Six_Route_Closed_Loop_Benchmark.pdf Graphic file (type pdf)

<use figures/Fig03_Six_Route_Closed_Loop_Benchmark.pdf>
Package pdftex.def Info: figures/Fig03_Six_Route_Closed_Loop_Benchmark.pdf  use
d on input line 1048.
(pdftex.def)             Requested size: 505.12177pt x 320.2054pt.
File: notaglinelogo.png Graphic file (type png)
<use notaglinelogo.png>
Package pdftex.def Info: notaglinelogo.png  used on input line 1054.
(pdftex.def)             Requested size: 91.32pt x 23.1352pt.

LaTeX Font Warning: Font shape `T1/formata/m/sl' undefined
(Font)              using `T1/formata/m/it' instead on input line 1054.


Overfull \hbox (505.12177pt too wide) has occurred while \output is active
[]
 []


Overfull \hbox (505.12177pt too wide) has occurred while \output is active
[]
 []


Underfull \hbox (badness 10000) has occurred while \output is active
[]
 []

[12]
Underfull \vbox (badness 10000) has occurred while \output is active []



LaTeX Font Warning: Font shape `T1/formata/m/sl' undefined
(Font)              using `T1/formata/m/it' instead on input line 1060.

File: notaglinelogo.png Graphic file (type png)
<use notaglinelogo.png>
Package pdftex.def Info: notaglinelogo.png  used on input line 1060.
(pdftex.def)             Requested size: 91.32pt x 23.1352pt.

Overfull \hbox (505.12177pt too wide) has occurred while \output is active
[]
 []


Overfull \hbox (505.12177pt too wide) has occurred while \output is active
[]
 []


Underfull \hbox (badness 10000) has occurred while \output is active
[]
 []

[13 <./figures/Fig03_Six_Route_Closed_Loop_Benchmark.pdf>]
Underfull \hbox (badness 5231) in paragraph at lines 1071--1072
[]|\T1/times/m/n/7 Positive comparator-minus-
 []


Underfull \hbox (badness 8132) in paragraph at lines 1072--1072
[]|\T1/times/m/n/7 Route-wise slope-angle MAE; complete-
 []


Underfull \hbox (badness 7907) in paragraph at lines 1072--1073
[]|\T1/times/m/n/7 Descriptive mean $\OMS/cmsy/m/n/7 ^^F$ \T1/times/m/n/7 SD;
 []


Underfull \hbox (badness 10000) in paragraph at lines 1072--1073
\T1/times/m/n/7 lower val-ues fa-vor the
 []


Underfull \hbox (badness 7379) in paragraph at lines 1074--1075
[]|\T1/times/m/n/7 Applied iden-ti-cally to all
 []


Underfull \hbox (badness 2418) in paragraph at lines 1075--1075
[]|\T1/times/m/n/7 Ten seeds $\OMS/cmsy/m/n/7 ^^B$ \T1/times/m/n/7 six matched
 []


Underfull \hbox (badness 10000) in paragraph at lines 1076--1076
[]|\T1/times/m/n/7 Case com-ple-tion, con-straint com-pli-ance,
 []


Underfull \hbox (badness 7558) in paragraph at lines 1076--1077
[]|\T1/times/m/n/7 Checked in-de-pen-dently of
 []


Underfull \hbox (badness 10000) in paragraph at lines 1077--1078
[]|\T1/times/m/n/7 Compare meth-ods only
 []


Underfull \hbox (badness 2189) in paragraph at lines 1084--1085
\T1/times/n/n/10 re-vi-sion, six route def-i-ni-tions, LPV database, con-trolle
r
 []

<figures/Fig04_Grade_Scheduling_Closed_Loop_Metrics.pdf, id=2160, 520.94624pt x
 258.9675pt>
File: figures/Fig04_Grade_Scheduling_Closed_Loop_Metrics.pdf Graphic file (type
 pdf)
<use figures/Fig04_Grade_Scheduling_Closed_Loop_Metrics.pdf>
Package pdftex.def Info: figures/Fig04_Grade_Scheduling_Closed_Loop_Metrics.pdf
  used on input line 1094.
(pdftex.def)             Requested size: 505.12177pt x 251.1033pt.

Underfull \hbox (badness 2005) in paragraph at lines 1100--1101
\T1/times/n/n/10 yielded the low-est cor-re-spond-ing means of 0.01248 m,
 []

<figures/Fig05_Offline_Estimator_Comparison.pdf, id=2161, 520.94624pt x 216.81p
t>
File: figures/Fig05_Offline_Estimator_Comparison.pdf Graphic file (type pdf)
<use figures/Fig05_Offline_Estimator_Comparison.pdf>
Package pdftex.def Info: figures/Fig05_Offline_Estimator_Comparison.pdf  used o
n input line 1128.
(pdftex.def)             Requested size: 505.12177pt x 210.22604pt.
<figures/Fig06_Representative_Grade_Estimation_Traces.pdf, id=2162, 520.94624pt
 x 285.065pt>
File: figures/Fig06_Representative_Grade_Estimation_Traces.pdf Graphic file (ty
pe pdf)
<use figures/Fig06_Representative_Grade_Estimation_Traces.pdf>
Package pdftex.def Info: figures/Fig06_Representative_Grade_Estimation_Traces.p
df  used on input line 1175.
(pdftex.def)             Requested size: 505.12177pt x 276.40833pt.
(./tables/Table09_Pathwise_Accuracy.tex)
Underfull \hbox (badness 10000) in paragraph at lines 1194--1195
[]\T1/times/n/n/10 The fi-nal closed-loop MTCN-LPV-MPC bench-mark
 []


Underfull \vbox (badness 7415) has occurred while \output is active []

File: notaglinelogo.png Graphic file (type png)
<use notaglinelogo.png>
Package pdftex.def Info: notaglinelogo.png  used on input line 1209.
(pdftex.def)             Requested size: 91.32pt x 23.1352pt.


LaTeX Font Warning: Font shape `T1/formata/m/sl' undefined
(Font)              using `T1/formata/m/it' instead on input line 1209.


Overfull \hbox (505.12177pt too wide) has occurred while \output is active
[]
 []


Overfull \hbox (505.12177pt too wide) has occurred while \output is active
[]
 []


Underfull \hbox (badness 10000) has occurred while \output is active
[]
 []

[14]
Underfull \vbox (badness 10000) has occurred while \output is active []


Underfull \vbox (badness 10000) has occurred while \output is active []



LaTeX Font Warning: Font shape `T1/formata/m/sl' undefined
(Font)              using `T1/formata/m/it' instead on input line 1209.

File: notaglinelogo.png Graphic file (type png)
<use notaglinelogo.png>
Package pdftex.def Info: notaglinelogo.png  used on input line 1209.
(pdftex.def)             Requested size: 91.32pt x 23.1352pt.

Overfull \hbox (505.12177pt too wide) has occurred while \output is active
[]
 []


Overfull \hbox (505.12177pt too wide) has occurred while \output is active
[]
 []


Underfull \hbox (badness 10000) has occurred while \output is active
[]
 []

[15 <./figures/Fig04_Grade_Scheduling_Closed_Loop_Metrics.pdf>]
File: notaglinelogo.png Graphic file (type png)
<use notaglinelogo.png>
Package pdftex.def Info: notaglinelogo.png  used on input line 1209.
(pdftex.def)             Requested size: 91.32pt x 23.1352pt.


LaTeX Font Warning: Font shape `T1/formata/m/sl' undefined
(Font)              using `T1/formata/m/it' instead on input line 1209.


Overfull \hbox (505.12177pt too wide) has occurred while \output is active
[]
 []


Overfull \hbox (505.12177pt too wide) has occurred while \output is active
[]
 []


Underfull \hbox (badness 10000) has occurred while \output is active
[]
 []

[16 <./figures/Fig05_Offline_Estimator_Comparison.pdf>]
<figures/Fig07_Bounded_Fusion_Mechanism.pdf, id=3873, 520.94624pt x 330.23375pt
>
File: figures/Fig07_Bounded_Fusion_Mechanism.pdf Graphic file (type pdf)
<use figures/Fig07_Bounded_Fusion_Mechanism.pdf>
Package pdftex.def Info: figures/Fig07_Bounded_Fusion_Mechanism.pdf  used on in
put line 1212.
(pdftex.def)             Requested size: 505.12177pt x 320.2054pt.

Underfull \hbox (badness 2671) in paragraph at lines 1283--1292
[]\T1/times/n/n/10 The com-pos-ite input-increment in-dex de-creased from
 []

<figures/Fig08_Fusion_Closed_Loop_Effects.pdf, id=3874, 520.94624pt x 256.96pt>

File: figures/Fig08_Fusion_Closed_Loop_Effects.pdf Graphic file (type pdf)
<use figures/Fig08_Fusion_Closed_Loop_Effects.pdf>
Package pdftex.def Info: figures/Fig08_Fusion_Closed_Loop_Effects.pdf  used on 
input line 1318.
(pdftex.def)             Requested size: 505.12177pt x 249.15678pt.

Underfull \vbox (badness 3078) has occurred while \output is active []



LaTeX Font Warning: Font shape `T1/formata/m/sl' undefined
(Font)              using `T1/formata/m/it' instead on input line 1332.

File: notaglinelogo.png Graphic file (type png)
<use notaglinelogo.png>
Package pdftex.def Info: notaglinelogo.png  used on input line 1332.
(pdftex.def)             Requested size: 91.32pt x 23.1352pt.

Overfull \hbox (505.12177pt too wide) has occurred while \output is active
[]
 []


Overfull \hbox (505.12177pt too wide) has occurred while \output is active
[]
 []


Underfull \hbox (badness 10000) has occurred while \output is active
[]
 []

[17 <./figures/Fig06_Representative_Grade_Estimation_Traces.pdf>]
Underfull \vbox (badness 2564) has occurred while \output is active []


Underfull \vbox (badness 10000) has occurred while \output is active []

File: notaglinelogo.png Graphic file (type png)
<use notaglinelogo.png>
Package pdftex.def Info: notaglinelogo.png  used on input line 1356.
(pdftex.def)             Requested size: 91.32pt x 23.1352pt.


LaTeX Font Warning: Font shape `T1/formata/m/sl' undefined
(Font)              using `T1/formata/m/it' instead on input line 1356.


Overfull \hbox (505.12177pt too wide) has occurred while \output is active
[]
 []


Overfull \hbox (505.12177pt too wide) has occurred while \output is active
[]
 []


Underfull \hbox (badness 10000) has occurred while \output is active
[]
 []

[18 <./figures/Fig07_Bounded_Fusion_Mechanism.pdf>]
Underfull \hbox (badness 1472) in paragraph at lines 1360--1361
\T1/times/n/n/10 to-control re-la-tion-ship. The truth-driven com-par-i-son fir
st
 []


Underfull \hbox (badness 6173) in paragraph at lines 1381--1389
\T1/times/n/n/10 frame-work com-bines history-based slope es-ti-ma-tion, a
 []


Underfull \hbox (badness 3547) in paragraph at lines 1381--1389
\T1/times/n/n/10 bounded cor-rec-tion sup-plied by the qual-i-fied ob-server,
 []


Underfull \hbox (badness 10000) in paragraph at lines 1381--1389
\T1/times/n/n/10 and syn-chro-nized slope schedul-ing within LPV-MPC.
 []


LaTeX Font Warning: Font shape `T1/formata/m/sl' undefined
(Font)              using `T1/formata/m/it' instead on input line 1400.

File: notaglinelogo.png Graphic file (type png)
<use notaglinelogo.png>
Package pdftex.def Info: notaglinelogo.png  used on input line 1400.
(pdftex.def)             Requested size: 91.32pt x 23.1352pt.

Overfull \hbox (505.12177pt too wide) has occurred while \output is active
[]
 []


Overfull \hbox (505.12177pt too wide) has occurred while \output is active
[]
 []


Underfull \hbox (badness 10000) has occurred while \output is active
[]
 []

[19 <./figures/Fig08_Fusion_Closed_Loop_Effects.pdf>]
Underfull \hbox (badness 5847) in paragraph at lines 1401--1412
\T1/times/n/n/10 mean input-increment in-dex. The pre-scribed ex-e-cu-tion
 []

(./paper.bbl
LaTeX Font Info:    Calculating math sizes for size <7.61> on input line 180.
File: notaglinelogo.png Graphic file (type png)
<use notaglinelogo.png>
Package pdftex.def Info: notaglinelogo.png  used on input line 188.
(pdftex.def)             Requested size: 91.32pt x 23.1352pt.


LaTeX Font Warning: Font shape `T1/formata/m/sl' undefined
(Font)              using `T1/formata/m/it' instead on input line 188.


Overfull \hbox (505.12177pt too wide) has occurred while \output is active
[]
 []


Overfull \hbox (505.12177pt too wide) has occurred while \output is active
[]
 []


Underfull \hbox (badness 10000) has occurred while \output is active
[]
 []

[20])
<zpf.png, id=6110, 338.01282pt x 453.56953pt>
File: zpf.png Graphic file (type png)
<use zpf.png>
Package pdftex.def Info: zpf.png  used on input line 1431.
(pdftex.def)             Requested size: 67.32285pt x 90.33856pt.
File: zpf.png Graphic file (type png)
<use zpf.png>
Package pdftex.def Info: zpf.png  used on input line 1431.
(pdftex.def)             Requested size: 67.32285pt x 90.33856pt.

Underfull \hbox (badness 1478) in paragraph at lines 1431--1432
[]\T1/formata/m/n/8 PENGFEI ZHANG \T1/times/n/n/8 was born in Hei-longjiang,
 []

<tyh.png, id=6113, 76.75073pt x 105.22511pt>
File: tyh.png Graphic file (type png)
<use tyh.png>
Package pdftex.def Info: tyh.png  used on input line 1434.
(pdftex.def)             Requested size: 65.89542pt x 90.34248pt.
File: tyh.png Graphic file (type png)
<use tyh.png>
Package pdftex.def Info: tyh.png  used on input line 1434.
(pdftex.def)             Requested size: 65.89542pt x 90.34248pt.

Underfull \hbox (badness 2753) in paragraph at lines 1434--1435
[]\T1/formata/m/n/8 YUHANG TANG \T1/times/n/n/8 re-ceived the B.Eng. de-gree
 []


Underfull \hbox (badness 2126) in paragraph at lines 1434--1435
\T1/times/n/n/8 in elec-tri-cal en-gi-neer-ing and au-toma-tion from
 []


Underfull \hbox (badness 3780) in paragraph at lines 1434--1435
\T1/times/n/n/8 Shenyang In-sti-tute of En-gi-neer-ing, Shenyang,
 []


Underfull \hbox (badness 2197) in paragraph at lines 1434--1435
\T1/times/n/n/8 China, in 2019. He is cur-rently pur-su-ing the
 []

<ytt.png, id=6116, 142.131pt x 221.02576pt>
File: ytt.png Graphic file (type png)
<use ytt.png>
Package pdftex.def Info: ytt.png  used on input line 1437.
(pdftex.def)             Requested size: 58.0919pt x 90.33784pt.
File: ytt.png Graphic file (type png)
<use ytt.png>
Package pdftex.def Info: ytt.png  used on input line 1437.
(pdftex.def)             Requested size: 58.0919pt x 90.33784pt.

Underfull \hbox (badness 1515) in paragraph at lines 1437--1438
\T1/times/n/n/8 de-grees from Dalian Mar-itime Uni-ver-sity. Her
 []

File: bullet.png Graphic file (type png)
<use bullet.png>
Package pdftex.def Info: bullet.png  used on input line 1450.
(pdftex.def)             Requested size: 5.0pt x 14.6871pt.

LaTeX Font Warning: Font shape `T1/formata/m/sl' undefined
(Font)              using `T1/formata/m/it' instead on input line 1452.

File: notaglinelogo.png Graphic file (type png)
<use notaglinelogo.png>
Package pdftex.def Info: notaglinelogo.png  used on input line 1452.
(pdftex.def)             Requested size: 91.32pt x 23.1352pt.

Overfull \hbox (505.12177pt too wide) has occurred while \output is active
[]
 []


Overfull \hbox (505.12177pt too wide) has occurred while \output is active
[]
 []


Underfull \hbox (badness 10000) has occurred while \output is active
[]
 []

[21 <./zpf.png (PNG copy)> <./tyh.png> <./ytt.png>] (./paper.aux)
 ***********
LaTeX2e <2023-11-01> patch level 1
L3 programming layer <2024-02-20>
 ***********
 ) 
Here is how much of TeX's memory you used:
 5660 strings out of 474116
 96053 string characters out of 5735644
 1972190 words of memory out of 5000000
 27886 multiletter control sequences out of 15000+600000
 658122 words of font info for 196 fonts, out of 8000000 for 9000
 1141 hyphenation exceptions out of 8191
 72i,15n,79p,2346b,525s stack positions out of 10000i,1000n,20000p,200000b,200000s
<d:/LenovoSoftstore/install/texlive/2024/texmf-dist/fonts/type1/public/amsfon
ts/cm/cmbx10.pfb><d:/LenovoSoftstore/install/texlive/2024/texmf-dist/fonts/type
1/public/amsfonts/cm/cmex10.pfb><d:/LenovoSoftstore/install/texlive/2024/texmf-
dist/fonts/type1/public/amsfonts/cm/cmmi10.pfb><d:/LenovoSoftstore/install/texl
ive/2024/texmf-dist/fonts/type1/public/amsfonts/cm/cmmi5.pfb><d:/LenovoSoftstor
e/install/texlive/2024/texmf-dist/fonts/type1/public/amsfonts/cm/cmmi6.pfb><d:/
LenovoSoftstore/install/texlive/2024/texmf-dist/fonts/type1/public/amsfonts/cm/
cmmi7.pfb><d:/LenovoSoftstore/install/texlive/2024/texmf-dist/fonts/type1/publi
c/amsfonts/cm/cmmi8.pfb><d:/LenovoSoftstore/install/texlive/2024/texmf-dist/fon
ts/type1/public/amsfonts/cm/cmmib10.pfb><d:/LenovoSoftstore/install/texlive/202
4/texmf-dist/fonts/type1/public/amsfonts/cmextra/cmmib7.pfb><d:/LenovoSoftstore
/install/texlive/2024/texmf-dist/fonts/type1/public/amsfonts/cm/cmr10.pfb><d:/L
enovoSoftstore/install/texlive/2024/texmf-dist/fonts/type1/public/amsfonts/cm/c
mr5.pfb><d:/LenovoSoftstore/install/texlive/2024/texmf-dist/fonts/type1/public/
amsfonts/cm/cmr6.pfb><d:/LenovoSoftstore/install/texlive/2024/texmf-dist/fonts/
type1/public/amsfonts/cm/cmr7.pfb><d:/LenovoSoftstore/install/texlive/2024/texm
f-dist/fonts/type1/public/amsfonts/cm/cmr8.pfb><d:/LenovoSoftstore/install/texl
ive/2024/texmf-dist/fonts/type1/public/amsfonts/cm/cmss8.pfb><d:/LenovoSoftstor
e/install/texlive/2024/texmf-dist/fonts/type1/public/amsfonts/cm/cmsy10.pfb><d:
/LenovoSoftstore/install/texlive/2024/texmf-dist/fonts/type1/public/amsfonts/cm
/cmsy5.pfb><d:/LenovoSoftstore/install/texlive/2024/texmf-dist/fonts/type1/publ
ic/amsfonts/cm/cmsy6.pfb><d:/LenovoSoftstore/install/texlive/2024/texmf-dist/fo
nts/type1/public/amsfonts/cm/cmsy7.pfb><d:/LenovoSoftstore/install/texlive/2024
/texmf-dist/fonts/type1/public/amsfonts/cm/cmsy8.pfb><d:/LenovoSoftstore/instal
l/texlive/2024/texmf-dist/fonts/type1/public/amsfonts/symbols/msbm10.pfb><./t1-
formata-bold.pfb><./t1-formata-condmedium.pfb><./t1-formata-medium.pfb><./t1-fo
rmata-mediumitalic.pfb><./t1-formata-regular.pfb><./t1-giovannistd-bookitalic.p
fb><./t1-times-bold.pfb><./t1-times-bolditalic.pfb><./t1-times-italic.pfb><./t1
-times.pfb><d:/LenovoSoftstore/install/texlive/2024/texmf-dist/fonts/type1/urw/
courier/ucrr8a.pfb>
Output written on paper.pdf (21 pages, 2506145 bytes).
PDF statistics:
 6260 PDF objects out of 7423 (max. 8388607)
 4132 compressed objects within 42 object streams
 0 named destinations out of 1000 (max. 500000)
 115 words of extra memory for PDF output out of 10000 (max. 10000000)

