{
  "case_id": "core_inference__tcn_22d",
  "method_id": "tcn_22d",
  "comparison_group": "architecture_only",
  "case_status": "COMPLETE",
  "formal": true,
  "batch": 1,
  "warmup_count": 500,
  "formal_count": 10000,
  "input_shape": [
    1,
    128,
    22
  ],
  "input_dtype": "float32",
  "input_contiguous": "C",
  "model_file": "E:\\Matlab\\Simulink\\S-Function_16\\results\\modern_tcn_metric_rebuild\\39_paper_final_frozen_benchmark\\02_A2_realtime_benchmark\\07_same_backend_onnxruntime\\03_derived_models\\tcn_22d_seed42_full.onnx",
  "model_sha256": "89537bea08273cb6638c25e06e92beeb9c7ebbb48db7ae76dd7e6fe09ec14512",
  "model_file_bytes": 627487,
  "parameter_count": 156396,
  "authority_model_file": "E:\\Matlab\\Simulink\\S-Function_16\\results\\modern_tcn_metric_rebuild\\39_paper_final_frozen_benchmark\\01_A1_algorithm_comparison\\02_models\\models\\TCN_model_a1_tcn_v5_plantfix_passive17_plus_all5_seed42.mat",
  "authority_model_sha256": "ec896bd7480a99759e586bb8ec759772b4a457d182689aa41fdbb93ec24150c4",
  "dataset_file": "E:\\Matlab\\Simulink\\S-Function_16\\data\\tcn\\ModernTCN_dataset_agv_dualsteer_theta10_uniform_conf_h0_v5_plantfix_passive17_plus_all5.mat",
  "dataset_sha256": "ab5dde32ef3627aa7032a3b4f7632c87cb471287a638f2b14a25a179a660196f",
  "runtime": "onnxruntime",
  "runtime_version": "1.23.2",
  "provider": "CPUExecutionProvider",
  "intra_op_num_threads": 1,
  "inter_op_num_threads": 1,
  "execution_mode": "ORT_SEQUENTIAL",
  "graph_optimization_level": "ORT_ENABLE_ALL",
  "timer": "time.perf_counter_ns",
  "data_movement_protocol": "preloaded C-contiguous numpy slice passed to InferenceSession.run; outputs allocated and returned",
  "p50_ms": 1.0452,
  "p95_ms": 1.1341050000000001,
  "p99_ms": 1.3597150000000002,
  "max_ms": 13.1071,
  "over_10ms_count": 1,
  "over_10ms_rate": 0.0001,
  "memory_before_session": {
    "working_set_bytes": 95281152,
    "peak_working_set_bytes": 135774208,
    "private_bytes": 75804672,
    "peak_pagefile_bytes": 116453376
  },
  "memory_before_timing": {
    "working_set_bytes": 101978112,
    "peak_working_set_bytes": 135774208,
    "private_bytes": 80089088,
    "peak_pagefile_bytes": 116453376
  },
  "memory_after_timing": {
    "working_set_bytes": 102965248,
    "peak_working_set_bytes": 135774208,
    "private_bytes": 80089088,
    "peak_pagefile_bytes": 116453376
  },
  "peak_working_set_delta_from_before_session_bytes": 0,
  "session_load_working_set_delta_bytes": 6696960,
  "memory_scope_note": "process lifetime peak includes Python, preloaded inputs, and session; session-load delta is reported separately",
  "raw_timing_file": "E:\\Matlab\\Simulink\\S-Function_16\\results\\modern_tcn_metric_rebuild\\39_paper_final_frozen_benchmark\\02_A2_realtime_benchmark\\07_same_backend_onnxruntime\\05_formal\\runs\\20260717_164306\\raw_timing\\core_inference__tcn_22d.csv",
  "python": "3.10.9",
  "python_executable": "E:\\Matlab\\Simulink\\S-Function_16\\.venv\\Scripts\\python.exe",
  "environment_sha256": "90d4448c8b88b3b80157b95a5c05d4f9fa55040b108b6d2dd5b5cc6633dc9cfb"
}
