{
  "case_id": "core_inference__modern_tcn_delta_bank_124",
  "method_id": "modern_tcn_delta_bank_124",
  "comparison_group": "representation_plus_architecture",
  "case_status": "COMPLETE",
  "formal": false,
  "batch": 1,
  "warmup_count": 5,
  "formal_count": 20,
  "input_shape": [
    1,
    128,
    88
  ],
  "input_dtype": "float32",
  "input_contiguous": "C",
  "model_file": "E:\\Matlab\\Simulink\\S-Function_16\\results\\modern_tcn_metric_rebuild\\25_lag_representation_repair\\03_onnx_and_smoke\\delta_bank_124\\seed42\\modern_tcn_delta_bank_124_seed42.onnx",
  "model_sha256": "45e1fc805ca93c2572d85bf4d90744b7f486b0bddbd7503cd44e9c2b1ee4835e",
  "model_file_bytes": 578793,
  "parameter_count": 145202,
  "authority_model_file": "E:\\Matlab\\Simulink\\S-Function_16\\results\\modern_tcn_metric_rebuild\\25_lag_representation_repair\\02_train_candidates\\delta_bank_124\\seed42\\modern_tcn_seed42.pt",
  "authority_model_sha256": "d49238d2a90803a4abbc8ca65f822b3f65f4f77b62be3b9f10227b9e038895f7",
  "dataset_file": "E:\\Matlab\\Simulink\\S-Function_16\\data\\tcn\\ModernTCN_dataset_agv_dualsteer_theta10_uniform_conf_h0_v5_plantfix_passive17_plus_all5.mat",
  "dataset_sha256": "ab5dde32ef3627aa7032a3b4f7632c87cb471287a638f2b14a25a179a660196f",
  "runtime": "onnxruntime",
  "runtime_version": "1.23.2",
  "provider": "CPUExecutionProvider",
  "intra_op_num_threads": 1,
  "inter_op_num_threads": 1,
  "execution_mode": "ORT_SEQUENTIAL",
  "graph_optimization_level": "ORT_ENABLE_ALL",
  "timer": "time.perf_counter_ns",
  "data_movement_protocol": "preloaded C-contiguous numpy slice passed to InferenceSession.run; outputs allocated and returned",
  "p50_ms": 0.3973,
  "p95_ms": 0.404885,
  "p99_ms": 0.412257,
  "max_ms": 0.4141,
  "over_10ms_count": 0,
  "over_10ms_rate": 0.0,
  "memory_before_session": {
    "working_set_bytes": 219484160,
    "peak_working_set_bytes": 422277120,
    "private_bytes": 974954496,
    "peak_pagefile_bytes": 1178259456
  },
  "memory_before_timing": {
    "working_set_bytes": 226836480,
    "peak_working_set_bytes": 422277120,
    "private_bytes": 979644416,
    "peak_pagefile_bytes": 1178259456
  },
  "memory_after_timing": {
    "working_set_bytes": 227561472,
    "peak_working_set_bytes": 422277120,
    "private_bytes": 979644416,
    "peak_pagefile_bytes": 1178259456
  },
  "peak_working_set_delta_from_before_session_bytes": 0,
  "session_load_working_set_delta_bytes": 7352320,
  "memory_scope_note": "process lifetime peak includes Python, preloaded inputs, and session; session-load delta is reported separately",
  "raw_timing_file": "E:\\Matlab\\Simulink\\S-Function_16\\results\\modern_tcn_metric_rebuild\\39_paper_final_frozen_benchmark\\02_A2_realtime_benchmark\\07_same_backend_onnxruntime\\04_validation\\exit_helper_success\\raw_timing\\core_inference__modern_tcn_delta_bank_124.csv",
  "python": "3.10.9",
  "python_executable": "E:\\Matlab\\Simulink\\S-Function_16\\.venv\\Scripts\\python.exe"
}
